// Jest Snapshot v1, https://goo.gl/fbAQLP

exports[`Renders correctly 1`] = `
<div
  className="calculator-page"
>
  <h2>
    Let
    '
    s do some math!
  </h2>
  <div
    className="calculator"
  >
    <div
      className="display-row"
    >
      <input
        className="display"
        readOnly={true}
        type="text"
        value="0"
      />
    </div>
    <div
      className="button-grid"
    >
      <div
        className="upper-button-grid"
      >
        <button
          className="btn-grey button"
          onClick={[Function]}
          type="button"
        >
          AC
        </button>
        <button
          className="btn-grey button"
          onClick={[Function]}
          type="button"
        >
          +/-
        </button>
        <button
          className="btn-grey button"
          onClick={[Function]}
          type="button"
        >
          %
        </button>
        <button
          className="btn-orange button"
          onClick={[Function]}
          type="button"
        >
          รท
        </button>
        <button
          className="btn-grey button"
          onClick={[Function]}
          type="button"
        >
          7
        </button>
        <button
          className="btn-grey button"
          onClick={[Function]}
          type="button"
        >
          8
        </button>
        <button
          className="btn-grey button"
          onClick={[Function]}
          type="button"
        >
          9
        </button>
        <button
          className="btn-orange button"
          onClick={[Function]}
          type="button"
        >
          x
        </button>
        <button
          className="btn-grey button"
          onClick={[Function]}
          type="button"
        >
          4
        </button>
        <button
          className="btn-grey button"
          onClick={[Function]}
          type="button"
        >
          5
        </button>
        <button
          className="btn-grey button"
          onClick={[Function]}
          type="button"
        >
          6
        </button>
        <button
          className="btn-orange button"
          onClick={[Function]}
          type="button"
        >
          -
        </button>
        <button
          className="btn-grey button"
          onClick={[Function]}
          type="button"
        >
          1
        </button>
        <button
          className="btn-grey button"
          onClick={[Function]}
          type="button"
        >
          2
        </button>
        <button
          className="btn-grey button"
          onClick={[Function]}
          type="button"
        >
          3
        </button>
        <button
          className="btn-orange button"
          onClick={[Function]}
          type="button"
        >
          +
        </button>
      </div>
      <div
        className="lower-button-grid"
      >
        <button
          className="btn-grey button"
          onClick={[Function]}
          type="button"
        >
          0
        </button>
        <button
          className="btn-grey button"
          onClick={[Function]}
          type="button"
        >
          .
        </button>
        <button
          className="btn-orange button"
          onClick={[Function]}
          type="button"
        >
          =
        </button>
      </div>
    </div>
  </div>
</div>
`;
