// Jest Snapshot v1, https://goo.gl/fbAQLP

exports[`Renders correctly 1`] = `
<div
  className="display-row"
>
  <input
    className="display"
    readOnly={true}
    type="text"
    value="test display"
  />
</div>
`;
